Archive member included to satisfy reference by file (symbol)

c:/st/stm32cubeide_1.7.0/stm32cubeide/plugins/com.st.stm32cube.ide.mcu.externaltools.gnu-tools-for-stm32.9-2020-q2-update.win32_2.0.0.202105311346/tools/bin/../lib/gcc/arm-none-eabi/9.3.1/../../../../arm-none-eabi/lib/thumb/v7-m/nofp\libc_nano.a(lib_a-errno.o)
                              ./Core/Src/syscalls.o (__errno)
c:/st/stm32cubeide_1.7.0/stm32cubeide/plugins/com.st.stm32cube.ide.mcu.externaltools.gnu-tools-for-stm32.9-2020-q2-update.win32_2.0.0.202105311346/tools/bin/../lib/gcc/arm-none-eabi/9.3.1/../../../../arm-none-eabi/lib/thumb/v7-m/nofp\libc_nano.a(lib_a-exit.o)
                              c:/st/stm32cubeide_1.7.0/stm32cubeide/plugins/com.st.stm32cube.ide.mcu.externaltools.gnu-tools-for-stm32.9-2020-q2-update.win32_2.0.0.202105311346/tools/bin/../lib/gcc/arm-none-eabi/9.3.1/../../../../arm-none-eabi/lib/thumb/v7-m/nofp/crt0.o (exit)
c:/st/stm32cubeide_1.7.0/stm32cubeide/plugins/com.st.stm32cube.ide.mcu.externaltools.gnu-tools-for-stm32.9-2020-q2-update.win32_2.0.0.202105311346/tools/bin/../lib/gcc/arm-none-eabi/9.3.1/../../../../arm-none-eabi/lib/thumb/v7-m/nofp\libc_nano.a(lib_a-impure.o)
                              c:/st/stm32cubeide_1.7.0/stm32cubeide/plugins/com.st.stm32cube.ide.mcu.externaltools.gnu-tools-for-stm32.9-2020-q2-update.win32_2.0.0.202105311346/tools/bin/../lib/gcc/arm-none-eabi/9.3.1/../../../../arm-none-eabi/lib/thumb/v7-m/nofp\libc_nano.a(lib_a-exit.o) (_global_impure_ptr)
c:/st/stm32cubeide_1.7.0/stm32cubeide/plugins/com.st.stm32cube.ide.mcu.externaltools.gnu-tools-for-stm32.9-2020-q2-update.win32_2.0.0.202105311346/tools/bin/../lib/gcc/arm-none-eabi/9.3.1/../../../../arm-none-eabi/lib/thumb/v7-m/nofp\libc_nano.a(lib_a-init.o)
                              c:/st/stm32cubeide_1.7.0/stm32cubeide/plugins/com.st.stm32cube.ide.mcu.externaltools.gnu-tools-for-stm32.9-2020-q2-update.win32_2.0.0.202105311346/tools/bin/../lib/gcc/arm-none-eabi/9.3.1/../../../../arm-none-eabi/lib/thumb/v7-m/nofp/crt0.o (__libc_init_array)
c:/st/stm32cubeide_1.7.0/stm32cubeide/plugins/com.st.stm32cube.ide.mcu.externaltools.gnu-tools-for-stm32.9-2020-q2-update.win32_2.0.0.202105311346/tools/bin/../lib/gcc/arm-none-eabi/9.3.1/../../../../arm-none-eabi/lib/thumb/v7-m/nofp\libc_nano.a(lib_a-memset.o)
                              c:/st/stm32cubeide_1.7.0/stm32cubeide/plugins/com.st.stm32cube.ide.mcu.externaltools.gnu-tools-for-stm32.9-2020-q2-update.win32_2.0.0.202105311346/tools/bin/../lib/gcc/arm-none-eabi/9.3.1/../../../../arm-none-eabi/lib/thumb/v7-m/nofp/crt0.o (memset)

Allocating common symbols
Common symbol       size              file

uwTick              0x4               ./Drivers/STM32F1xx_HAL_Driver/Src/stm32f1xx_hal.o
pFlash              0x20              ./Drivers/STM32F1xx_HAL_Driver/Src/stm32f1xx_hal_flash.o
htim2               0x48              ./Core/Src/main.o

Discarded input sections

 .text          0x0000000000000000        0x0 c:/st/stm32cubeide_1.7.0/stm32cubeide/plugins/com.st.stm32cube.ide.mcu.externaltools.gnu-tools-for-stm32.9-2020-q2-update.win32_2.0.0.202105311346/tools/bin/../lib/gcc/arm-none-eabi/9.3.1/thumb/v7-m/nofp/crti.o
 .data          0x0000000000000000        0x0 c:/st/stm32cubeide_1.7.0/stm32cubeide/plugins/com.st.stm32cube.ide.mcu.externaltools.gnu-tools-for-stm32.9-2020-q2-update.win32_2.0.0.202105311346/tools/bin/../lib/gcc/arm-none-eabi/9.3.1/thumb/v7-m/nofp/crti.o
 .bss           0x0000000000000000        0x0 c:/st/stm32cubeide_1.7.0/stm32cubeide/plugins/com.st.stm32cube.ide.mcu.externaltools.gnu-tools-for-stm32.9-2020-q2-update.win32_2.0.0.202105311346/tools/bin/../lib/gcc/arm-none-eabi/9.3.1/thumb/v7-m/nofp/crti.o
 .data          0x0000000000000000        0x4 c:/st/stm32cubeide_1.7.0/stm32cubeide/plugins/com.st.stm32cube.ide.mcu.externaltools.gnu-tools-for-stm32.9-2020-q2-update.win32_2.0.0.202105311346/tools/bin/../lib/gcc/arm-none-eabi/9.3.1/thumb/v7-m/nofp/crtbegin.o
 .text          0x0000000000000000       0x7c c:/st/stm32cubeide_1.7.0/stm32cubeide/plugins/com.st.stm32cube.ide.mcu.externaltools.gnu-tools-for-stm32.9-2020-q2-update.win32_2.0.0.202105311346/tools/bin/../lib/gcc/arm-none-eabi/9.3.1/../../../../arm-none-eabi/lib/thumb/v7-m/nofp/crt0.o
 .data          0x0000000000000000        0x0 c:/st/stm32cubeide_1.7.0/stm32cubeide/plugins/com.st.stm32cube.ide.mcu.externaltools.gnu-tools-for-stm32.9-2020-q2-update.win32_2.0.0.202105311346/tools/bin/../lib/gcc/arm-none-eabi/9.3.1/../../../../arm-none-eabi/lib/thumb/v7-m/nofp/crt0.o
 .bss           0x0000000000000000        0x0 c:/st/stm32cubeide_1.7.0/stm32cubeide/plugins/com.st.stm32cube.ide.mcu.externaltools.gnu-tools-for-stm32.9-2020-q2-update.win32_2.0.0.202105311346/tools/bin/../lib/gcc/arm-none-eabi/9.3.1/../../../../arm-none-eabi/lib/thumb/v7-m/nofp/crt0.o
[...]
Memory Configuration

Name             Origin             Length             Attributes
RAM              0x0000000020000000 0x0000000000002800 xrw
FLASH            0x0000000008000000 0x0000000000008000 xr
*default*        0x0000000000000000 0xffffffffffffffff

Linker script and memory map

LOAD c:/st/stm32cubeide_1.7.0/stm32cubeide/plugins/com.st.stm32cube.ide.mcu.externaltools.gnu-tools-for-stm32.9-2020-q2-update.win32_2.0.0.202105311346/tools/bin/../lib/gcc/arm-none-eabi/9.3.1/thumb/v7-m/nofp/crti.o
LOAD c:/st/stm32cubeide_1.7.0/stm32cubeide/plugins/com.st.stm32cube.ide.mcu.externaltools.gnu-tools-for-stm32.9-2020-q2-update.win32_2.0.0.202105311346/tools/bin/../lib/gcc/arm-none-eabi/9.3.1/thumb/v7-m/nofp/crtbegin.o
LOAD c:/st/stm32cubeide_1.7.0/stm32cubeide/plugins/com.st.stm32cube.ide.mcu.externaltools.gnu-tools-for-stm32.9-2020-q2-update.win32_2.0.0.202105311346/tools/bin/../lib/gcc/arm-none-eabi/9.3.1/../../../../arm-none-eabi/lib/thumb/v7-m/nofp/crt0.o
LOAD ./Core/Src/button.o
LOAD ./Core/Src/display7SEG.o
LOAD ./Core/Src/fsm_manual.o
LOAD ./Core/Src/fsm_traffic_light.o
LOAD ./Core/Src/global.o
LOAD ./Core/Src/main.o
LOAD ./Core/Src/physical.o
LOAD ./Core/Src/scheduler.o
LOAD ./Core/Src/software_timer.o
LOAD ./Core/Src/stm32f1xx_hal_msp.o
LOAD ./Core/Src/stm32f1xx_it.o
LOAD ./Core/Src/syscalls.o
LOAD ./Core/Src/sysmem.o
LOAD ./Core/Src/system_stm32f1xx.o
LOAD ./Core/Startup/startup_stm32f103c6ux.o
LOAD ./Drivers/STM32F1xx_HAL_Driver/Src/stm32f1xx_hal.o
LOAD ./Drivers/STM32F1xx_HAL_Driver/Src/stm32f1xx_hal_cortex.o
LOAD ./Drivers/STM32F1xx_HAL_Driver/Src/stm32f1xx_hal_dma.o
LOAD ./Drivers/STM32F1xx_HAL_Driver/Src/stm32f1xx_hal_exti.o
LOAD ./Drivers/STM32F1xx_HAL_Driver/Src/stm32f1xx_hal_flash.o
LOAD ./Drivers/STM32F1xx_HAL_Driver/Src/stm32f1xx_hal_flash_ex.o
LOAD ./Drivers/STM32F1xx_HAL_Driver/Src/stm32f1xx_hal_gpio.o
LOAD ./Drivers/STM32F1xx_HAL_Driver/Src/stm32f1xx_hal_gpio_ex.o
LOAD ./Drivers/STM32F1xx_HAL_Driver/Src/stm32f1xx_hal_pwr.o
LOAD ./Drivers/STM32F1xx_HAL_Driver/Src/stm32f1xx_hal_rcc.o
LOAD ./Drivers/STM32F1xx_HAL_Driver/Src/stm32f1xx_hal_rcc_ex.o
LOAD ./Drivers/STM32F1xx_HAL_Driver/Src/stm32f1xx_hal_tim.o
LOAD ./Drivers/STM32F1xx_HAL_Driver/Src/stm32f1xx_hal_tim_ex.o
START GROUP
LOAD c:/st/stm32cubeide_1.7.0/stm32cubeide/plugins/com.st.stm32cube.ide.mcu.externaltools.gnu-tools-for-stm32.9-2020-q2-update.win32_2.0.0.202105311346/tools/bin/../lib/gcc/arm-none-eabi/9.3.1/../../../../arm-none-eabi/lib/thumb/v7-m/nofp\libc_nano.a
LOAD c:/st/stm32cubeide_1.7.0/stm32cubeide/plugins/com.st.stm32cube.ide.mcu.externaltools.gnu-tools-for-stm32.9-2020-q2-update.win32_2.0.0.202105311346/tools/bin/../lib/gcc/arm-none-eabi/9.3.1/../../../../arm-none-eabi/lib/thumb/v7-m/nofp\libm.a
END GROUP
START GROUP
LOAD c:/st/stm32cubeide_1.7.0/stm32cubeide/plugins/com.st.stm32cube.ide.mcu.externaltools.gnu-tools-for-stm32.9-2020-q2-update.win32_2.0.0.202105311346/tools/bin/../lib/gcc/arm-none-eabi/9.3.1/thumb/v7-m/nofp\libgcc.a
LOAD c:/st/stm32cubeide_1.7.0/stm32cubeide/plugins/com.st.stm32cube.ide.mcu.externaltools.gnu-tools-for-stm32.9-2020-q2-update.win32_2.0.0.202105311346/tools/bin/../lib/gcc/arm-none-eabi/9.3.1/../../../../arm-none-eabi/lib/thumb/v7-m/nofp\libc_nano.a
END GROUP
START GROUP
LOAD c:/st/stm32cubeide_1.7.0/stm32cubeide/plugins/com.st.stm32cube.ide.mcu.externaltools.gnu-tools-for-stm32.9-2020-q2-update.win32_2.0.0.202105311346/tools/bin/../lib/gcc/arm-none-eabi/9.3.1/thumb/v7-m/nofp\libgcc.a
LOAD c:/st/stm32cubeide_1.7.0/stm32cubeide/plugins/com.st.stm32cube.ide.mcu.externaltools.gnu-tools-for-stm32.9-2020-q2-update.win32_2.0.0.202105311346/tools/bin/../lib/gcc/arm-none-eabi/9.3.1/../../../../arm-none-eabi/lib/thumb/v7-m/nofp\libc_nano.a
LOAD c:/st/stm32cubeide_1.7.0/stm32cubeide/plugins/com.st.stm32cube.ide.mcu.externaltools.gnu-tools-for-stm32.9-2020-q2-update.win32_2.0.0.202105311346/tools/bin/../lib/gcc/arm-none-eabi/9.3.1/../../../../arm-none-eabi/lib/thumb/v7-m/nofp\libnosys.a
END GROUP
START GROUP
LOAD c:/st/stm32cubeide_1.7.0/stm32cubeide/plugins/com.st.stm32cube.ide.mcu.externaltools.gnu-tools-for-stm32.9-2020-q2-update.win32_2.0.0.202105311346/tools/bin/../lib/gcc/arm-none-eabi/9.3.1/thumb/v7-m/nofp\libgcc.a
LOAD c:/st/stm32cubeide_1.7.0/stm32cubeide/plugins/com.st.stm32cube.ide.mcu.externaltools.gnu-tools-for-stm32.9-2020-q2-update.win32_2.0.0.202105311346/tools/bin/../lib/gcc/arm-none-eabi/9.3.1/../../../../arm-none-eabi/lib/thumb/v7-m/nofp\libc_nano.a
LOAD c:/st/stm32cubeide_1.7.0/stm32cubeide/plugins/com.st.stm32cube.ide.mcu.externaltools.gnu-tools-for-stm32.9-2020-q2-update.win32_2.0.0.202105311346/tools/bin/../lib/gcc/arm-none-eabi/9.3.1/../../../../arm-none-eabi/lib/thumb/v7-m/nofp\libnosys.a
END GROUP
LOAD c:/st/stm32cubeide_1.7.0/stm32cubeide/plugins/com.st.stm32cube.ide.mcu.externaltools.gnu-tools-for-stm32.9-2020-q2-update.win32_2.0.0.202105311346/tools/bin/../lib/gcc/arm-none-eabi/9.3.1/thumb/v7-m/nofp/crtend.o
LOAD c:/st/stm32cubeide_1.7.0/stm32cubeide/plugins/com.st.stm32cube.ide.mcu.externaltools.gnu-tools-for-stm32.9-2020-q2-update.win32_2.0.0.202105311346/tools/bin/../lib/gcc/arm-none-eabi/9.3.1/thumb/v7-m/nofp/crtn.o
                0x0000000020002800                _estack = (ORIGIN (RAM) + LENGTH (RAM))
                0x0000000000000200                _Min_Heap_Size = 0x200
                0x0000000000000400                _Min_Stack_Size = 0x400

.isr_vector     0x0000000008000000      0x10c
                0x0000000008000000                . = ALIGN (0x4)
 *(.isr_vector)
 .isr_vector    0x0000000008000000      0x10c ./Core/Startup/startup_stm32f103c6ux.o
                0x0000000008000000                g_pfnVectors
                0x000000000800010c                . = ALIGN (0x4)

.text           0x000000000800010c     0x2e58
                0x000000000800010c                . = ALIGN (0x4)
 *(.text)
 .text          0x000000000800010c       0x40 c:/st/stm32cubeide_1.7.0/stm32cubeide/plugins/com.st.stm32cube.ide.mcu.externaltools.gnu-tools-for-stm32.9-2020-q2-update.win32_2.0.0.202105311346/tools/bin/../lib/gcc/arm-none-eabi/9.3.1/thumb/v7-m/nofp/crtbegin.o
 *(.text*)
 .text.isButtonPressed
                0x000000000800014c       0x34 ./Core/Src/button.o
                0x000000000800014c                isButtonPressed
 .text.subKeyProcess
                0x0000000008000180       0x20 ./Core/Src/button.o
                0x0000000008000180                subKeyProcess
 .text.getKeyInput
                0x00000000080001a0      0x10c ./Core/Src/button.o
                0x00000000080001a0                getKeyInput
 .text.resetButton
                0x00000000080002ac       0x28 ./Core/Src/button.o
                0x00000000080002ac                resetButton
 .text.clearSignal
                0x00000000080002d4       0x3c ./Core/Src/display7SEG.o
                0x00000000080002d4                clearSignal
 .text.display7SEG
                0x0000000008000310      0x320 ./Core/Src/display7SEG.o
                0x0000000008000310                display7SEG
 .text.displaySignal
                0x0000000008000630       0x9c ./Core/Src/display7SEG.o
                0x0000000008000630                displaySignal
 .text.fsm_manual_run
                0x00000000080006cc      0x25c ./Core/Src/fsm_manual.o
                0x00000000080006cc                fsm_manual_run
 .text.fsm_traffic_light
                0x0000000008000928      0x258 ./Core/Src/fsm_traffic_light.o
                0x0000000008000928                fsm_traffic_light
 .text.updateLedBuffer
                0x0000000008000b80       0x80 ./Core/Src/global.o
                0x0000000008000b80                updateLedBuffer
 .text.main     0x0000000008000c00       0xa8 ./Core/Src/main.o
                0x0000000008000c00                main
 .text.SystemClock_Config
                0x0000000008000ca8       0x76 ./Core/Src/main.o
                0x0000000008000ca8                SystemClock_Config
 *fill*         0x0000000008000d1e        0x2 
 .text.MX_TIM2_Init
                0x0000000008000d20       0x98 ./Core/Src/main.o
 .text.MX_GPIO_Init
                0x0000000008000db8       0xcc ./Core/Src/main.o
 .text.HAL_TIM_PeriodElapsedCallback
                0x0000000008000e84       0x14 ./Core/Src/main.o
                0x0000000008000e84                HAL_TIM_PeriodElapsedCallback
 .text.Error_Handler
                0x0000000008000e98        0xa ./Core/Src/main.o
                0x0000000008000e98                Error_Handler
 *fill*         0x0000000008000ea2        0x2 
 .text.onRED1   0x0000000008000ea4       0x2c ./Core/Src/physical.o
                0x0000000008000ea4                onRED1
 .text.onYELLOW1
                0x0000000008000ed0       0x2c ./Core/Src/physical.o
                0x0000000008000ed0                onYELLOW1
 .text.onGREEN1
                0x0000000008000efc       0x2c ./Core/Src/physical.o
                0x0000000008000efc                onGREEN1
 .text.onRED2   0x0000000008000f28       0x2c ./Core/Src/physical.o
                0x0000000008000f28                onRED2
 .text.onYELLOW2
                0x0000000008000f54       0x2c ./Core/Src/physical.o
                0x0000000008000f54                onYELLOW2
 .text.onGREEN2
                0x0000000008000f80       0x2c ./Core/Src/physical.o
                0x0000000008000f80                onGREEN2
 .text.offALL   0x0000000008000fac       0x48 ./Core/Src/physical.o
                0x0000000008000fac                offALL
 .text.SCH_Init
                0x0000000008000ff4       0x8c ./Core/Src/scheduler.o
                0x0000000008000ff4                SCH_Init
 .text.SCH_Update
                0x0000000008001080       0x50 ./Core/Src/scheduler.o
                0x0000000008001080                SCH_Update
 .text.SCH_Add_Task
                0x00000000080010d0      0x2ac ./Core/Src/scheduler.o
                0x00000000080010d0                SCH_Add_Task
 .text.SCH_Delete_Task
                0x000000000800137c      0x1e8 ./Core/Src/scheduler.o
                0x000000000800137c                SCH_Delete_Task
 .text.SCH_Dispatch_Tasks
                0x0000000008001564       0x50 ./Core/Src/scheduler.o
                0x0000000008001564                SCH_Dispatch_Tasks
 .text.Get_New_Task_ID
                0x00000000080015b4       0x30 ./Core/Src/scheduler.o
 .text.setTimer1
                0x00000000080015e4       0x28 ./Core/Src/software_timer.o
                0x00000000080015e4                setTimer1
 .text.setTimer2
                0x000000000800160c       0x28 ./Core/Src/software_timer.o
                0x000000000800160c                setTimer2
 .text.setTimer3
                0x0000000008001634       0x28 ./Core/Src/software_timer.o
                0x0000000008001634                setTimer3
 .text.setTimer4
                0x000000000800165c       0x28 ./Core/Src/software_timer.o
                0x000000000800165c                setTimer4
 .text.setTimer5
                0x0000000008001684       0x28 ./Core/Src/software_timer.o
                0x0000000008001684                setTimer5
 .text.timerRun
                0x00000000080016ac      0x124 ./Core/Src/software_timer.o
                0x00000000080016ac                timerRun
 .text.HAL_MspInit
                0x00000000080017d0       0x64 ./Core/Src/stm32f1xx_hal_msp.o
                0x00000000080017d0                HAL_MspInit
 .text.HAL_TIM_Base_MspInit
                0x0000000008001834       0x48 ./Core/Src/stm32f1xx_hal_msp.o
                0x0000000008001834                HAL_TIM_Base_MspInit
 .text.NMI_Handler
                0x000000000800187c        0x6 ./Core/Src/stm32f1xx_it.o
                0x000000000800187c                NMI_Handler
 .text.HardFault_Handler
                0x0000000008001882        0x6 ./Core/Src/stm32f1xx_it.o
                0x0000000008001882                HardFault_Handler
 .text.MemManage_Handler
                0x0000000008001888        0x6 ./Core/Src/stm32f1xx_it.o
                0x0000000008001888                MemManage_Handler
 .text.BusFault_Handler
                0x000000000800188e        0x6 ./Core/Src/stm32f1xx_it.o
                0x000000000800188e                BusFault_Handler
 .text.UsageFault_Handler
                0x0000000008001894        0x6 ./Core/Src/stm32f1xx_it.o
                0x0000000008001894                UsageFault_Handler
 .text.SVC_Handler
                0x000000000800189a        0xc ./Core/Src/stm32f1xx_it.o
                0x000000000800189a                SVC_Handler
 .text.DebugMon_Handler
                0x00000000080018a6        0xc ./Core/Src/stm32f1xx_it.o
                0x00000000080018a6                DebugMon_Handler
 .text.PendSV_Handler
                0x00000000080018b2        0xc ./Core/Src/stm32f1xx_it.o
                0x00000000080018b2                PendSV_Handler
 .text.SysTick_Handler
                0x00000000080018be        0xc ./Core/Src/stm32f1xx_it.o
                0x00000000080018be                SysTick_Handler
 *fill*         0x00000000080018ca        0x2 
 .text.TIM2_IRQHandler
                0x00000000080018cc       0x14 ./Core/Src/stm32f1xx_it.o
                0x00000000080018cc                TIM2_IRQHandler
 .text.SystemInit
                0x00000000080018e0        0xc ./Core/Src/system_stm32f1xx.o
                0x00000000080018e0                SystemInit
 .text.Reset_Handler
                0x00000000080018ec       0x48 ./Core/Startup/startup_stm32f103c6ux.o
                0x00000000080018ec                Reset_Handler
 .text.Default_Handler
                0x0000000008001934        0x2 ./Core/Startup/startup_stm32f103c6ux.o
                0x0000000008001934                RTC_Alarm_IRQHandler
                0x0000000008001934                EXTI2_IRQHandler
                0x0000000008001934                TIM1_CC_IRQHandler
                0x0000000008001934                PVD_IRQHandler
                0x0000000008001934                EXTI3_IRQHandler
                0x0000000008001934                EXTI0_IRQHandler
                0x0000000008001934                ADC1_2_IRQHandler
                0x0000000008001934                SPI1_IRQHandler
                0x0000000008001934                TAMPER_IRQHandler
                0x0000000008001934                DMA1_Channel4_IRQHandler
                0x0000000008001934                RTC_IRQHandler
                0x0000000008001934                DMA1_Channel7_IRQHandler
                0x0000000008001934                CAN1_RX1_IRQHandler
                0x0000000008001934                I2C1_EV_IRQHandler
                0x0000000008001934                DMA1_Channel6_IRQHandler
                0x0000000008001934                TIM3_IRQHandler
                0x0000000008001934                RCC_IRQHandler
                0x0000000008001934                TIM1_TRG_COM_IRQHandler
                0x0000000008001934                DMA1_Channel1_IRQHandler
                0x0000000008001934                Default_Handler
                0x0000000008001934                EXTI15_10_IRQHandler
                0x0000000008001934                EXTI9_5_IRQHandler
                0x0000000008001934                DMA1_Channel5_IRQHandler
                0x0000000008001934                EXTI4_IRQHandler
                0x0000000008001934                USB_LP_CAN1_RX0_IRQHandler
                0x0000000008001934                USB_HP_CAN1_TX_IRQHandler
                0x0000000008001934                DMA1_Channel3_IRQHandler
                0x0000000008001934                TIM1_UP_IRQHandler
                0x0000000008001934                WWDG_IRQHandler
                0x0000000008001934                TIM1_BRK_IRQHandler
                0x0000000008001934                EXTI1_IRQHandler
                0x0000000008001934                USART2_IRQHandler
                0x0000000008001934                DMA1_Channel2_IRQHandler
                0x0000000008001934                CAN1_SCE_IRQHandler
                0x0000000008001934                FLASH_IRQHandler
                0x0000000008001934                USART1_IRQHandler
                0x0000000008001934                I2C1_ER_IRQHandler
                0x0000000008001934                USBWakeUp_IRQHandler
 *fill*         0x0000000008001936        0x2 
 .text.HAL_Init
                0x0000000008001938       0x2c ./Drivers/STM32F1xx_HAL_Driver/Src/stm32f1xx_hal.o
                0x0000000008001938                HAL_Init
 .text.HAL_InitTick
                0x0000000008001964       0x60 ./Drivers/STM32F1xx_HAL_Driver/Src/stm32f1xx_hal.o
                0x0000000008001964                HAL_InitTick
 .text.HAL_IncTick
                0x00000000080019c4       0x24 ./Drivers/STM32F1xx_HAL_Driver/Src/stm32f1xx_hal.o
                0x00000000080019c4                HAL_IncTick
 .text.HAL_GetTick
                0x00000000080019e8       0x14 ./Drivers/STM32F1xx_HAL_Driver/Src/stm32f1xx_hal.o
                0x00000000080019e8                HAL_GetTick
 .text.__NVIC_SetPriorityGrouping
                0x00000000080019fc       0x48 ./Drivers/STM32F1xx_HAL_Driver/Src/stm32f1xx_hal_cortex.o
 .text.__NVIC_GetPriorityGrouping
                0x0000000008001a44       0x1c ./Drivers/STM32F1xx_HAL_Driver/Src/stm32f1xx_hal_cortex.o
 .text.__NVIC_EnableIRQ
                0x0000000008001a60       0x38 ./Drivers/STM32F1xx_HAL_Driver/Src/stm32f1xx_hal_cortex.o
 .text.__NVIC_SetPriority
                0x0000000008001a98       0x54 ./Drivers/STM32F1xx_HAL_Driver/Src/stm32f1xx_hal_cortex.o
 .text.NVIC_EncodePriority
                0x0000000008001aec       0x64 ./Drivers/STM32F1xx_HAL_Driver/Src/stm32f1xx_hal_cortex.o
 .text.SysTick_Config
                0x0000000008001b50       0x44 ./Drivers/STM32F1xx_HAL_Driver/Src/stm32f1xx_hal_cortex.o
 .text.HAL_NVIC_SetPriorityGrouping
                0x0000000008001b94       0x16 ./Drivers/STM32F1xx_HAL_Driver/Src/stm32f1xx_hal_cortex.o
                0x0000000008001b94                HAL_NVIC_SetPriorityGrouping
 .text.HAL_NVIC_SetPriority
                0x0000000008001baa       0x38 ./Drivers/STM32F1xx_HAL_Driver/Src/stm32f1xx_hal_cortex.o
                0x0000000008001baa                HAL_NVIC_SetPriority
 .text.HAL_NVIC_EnableIRQ
                0x0000000008001be2       0x1c ./Drivers/STM32F1xx_HAL_Driver/Src/stm32f1xx_hal_cortex.o
                0x0000000008001be2                HAL_NVIC_EnableIRQ
 .text.HAL_SYSTICK_Config
                0x0000000008001bfe       0x18 ./Drivers/STM32F1xx_HAL_Driver/Src/stm32f1xx_hal_cortex.o
                0x0000000008001bfe                HAL_SYSTICK_Config
 *fill*         0x0000000008001c16        0x2 
 .text.HAL_GPIO_Init
                0x0000000008001c18      0x2f4 ./Drivers/STM32F1xx_HAL_Driver/Src/stm32f1xx_hal_gpio.o
                0x0000000008001c18                HAL_GPIO_Init
 .text.HAL_GPIO_ReadPin
                0x0000000008001f0c       0x2e ./Drivers/STM32F1xx_HAL_Driver/Src/stm32f1xx_hal_gpio.o
                0x0000000008001f0c                HAL_GPIO_ReadPin
 .text.HAL_GPIO_WritePin
                0x0000000008001f3a       0x30 ./Drivers/STM32F1xx_HAL_Driver/Src/stm32f1xx_hal_gpio.o
                0x0000000008001f3a                HAL_GPIO_WritePin
 *fill*         0x0000000008001f6a        0x2 
 .text.HAL_RCC_OscConfig
                0x0000000008001f6c      0x500 ./Drivers/STM32F1xx_HAL_Driver/Src/stm32f1xx_hal_rcc.o
                0x0000000008001f6c                HAL_RCC_OscConfig
 .text.HAL_RCC_ClockConfig
                0x000000000800246c      0x1d4 ./Drivers/STM32F1xx_HAL_Driver/Src/stm32f1xx_hal_rcc.o
                0x000000000800246c                HAL_RCC_ClockConfig
 .text.HAL_RCC_GetSysClockFreq
                0x0000000008002640       0xa8 ./Drivers/STM32F1xx_HAL_Driver/Src/stm32f1xx_hal_rcc.o
                0x0000000008002640                HAL_RCC_GetSysClockFreq
 .text.RCC_Delay
                0x00000000080026e8       0x3c ./Drivers/STM32F1xx_HAL_Driver/Src/stm32f1xx_hal_rcc.o
 .text.HAL_TIM_Base_Init
                0x0000000008002724       0x9e ./Drivers/STM32F1xx_HAL_Driver/Src/stm32f1xx_hal_tim.o
                0x0000000008002724                HAL_TIM_Base_Init
 *fill*         0x00000000080027c2        0x2 
 .text.HAL_TIM_Base_Start_IT
                0x00000000080027c4       0x98 ./Drivers/STM32F1xx_HAL_Driver/Src/stm32f1xx_hal_tim.o
                0x00000000080027c4                HAL_TIM_Base_Start_IT
 .text.HAL_TIM_IRQHandler
                0x000000000800285c      0x210 ./Drivers/STM32F1xx_HAL_Driver/Src/stm32f1xx_hal_tim.o
                0x000000000800285c                HAL_TIM_IRQHandler
 .text.HAL_TIM_ConfigClockSource
                0x0000000008002a6c      0x18e ./Drivers/STM32F1xx_HAL_Driver/Src/stm32f1xx_hal_tim.o
                0x0000000008002a6c                HAL_TIM_ConfigClockSource
 .text.HAL_TIM_OC_DelayElapsedCallback
                0x0000000008002bfa       0x12 ./Drivers/STM32F1xx_HAL_Driver/Src/stm32f1xx_hal_tim.o
                0x0000000008002bfa                HAL_TIM_OC_DelayElapsedCallback
 .text.HAL_TIM_IC_CaptureCallback
                0x0000000008002c0c       0x12 ./Drivers/STM32F1xx_HAL_Driver/Src/stm32f1xx_hal_tim.o
                0x0000000008002c0c                HAL_TIM_IC_CaptureCallback
 .text.HAL_TIM_PWM_PulseFinishedCallback
                0x0000000008002c1e       0x12 ./Drivers/STM32F1xx_HAL_Driver/Src/stm32f1xx_hal_tim.o
                0x0000000008002c1e                HAL_TIM_PWM_PulseFinishedCallback
 .text.HAL_TIM_TriggerCallback
                0x0000000008002c30       0x12 ./Drivers/STM32F1xx_HAL_Driver/Src/stm32f1xx_hal_tim.o
                0x0000000008002c30                HAL_TIM_TriggerCallback
 *fill*         0x0000000008002c42        0x2 
 .text.TIM_Base_SetConfig
                0x0000000008002c44       0xb0 ./Drivers/STM32F1xx_HAL_Driver/Src/stm32f1xx_hal_tim.o
                0x0000000008002c44                TIM_Base_SetConfig
 .text.TIM_TI1_ConfigInputStage
                0x0000000008002cf4       0x5c ./Drivers/STM32F1xx_HAL_Driver/Src/stm32f1xx_hal_tim.o
 .text.TIM_TI2_ConfigInputStage
                0x0000000008002d50       0x5e ./Drivers/STM32F1xx_HAL_Driver/Src/stm32f1xx_hal_tim.o
 .text.TIM_ITRx_SetConfig
                0x0000000008002dae       0x34 ./Drivers/STM32F1xx_HAL_Driver/Src/stm32f1xx_hal_tim.o
 .text.TIM_ETR_SetConfig
                0x0000000008002de2       0x3e ./Drivers/STM32F1xx_HAL_Driver/Src/stm32f1xx_hal_tim.o
                0x0000000008002de2                TIM_ETR_SetConfig
 .text.HAL_TIMEx_MasterConfigSynchronization
                0x0000000008002e20       0xb0 ./Drivers/STM32F1xx_HAL_Driver/Src/stm32f1xx_hal_tim_ex.o
                0x0000000008002e20                HAL_TIMEx_MasterConfigSynchronization
 .text.HAL_TIMEx_CommutCallback
                0x0000000008002ed0       0x12 ./Drivers/STM32F1xx_HAL_Driver/Src/stm32f1xx_hal_tim_ex.o
                0x0000000008002ed0                HAL_TIMEx_CommutCallback
 .text.HAL_TIMEx_BreakCallback
                0x0000000008002ee2       0x12 ./Drivers/STM32F1xx_HAL_Driver/Src/stm32f1xx_hal_tim_ex.o
                0x0000000008002ee2                HAL_TIMEx_BreakCallback
 .text.__libc_init_array
                0x0000000008002ef4       0x48 c:/st/stm32cubeide_1.7.0/stm32cubeide/plugins/com.st.stm32cube.ide.mcu.externaltools.gnu-tools-for-stm32.9-2020-q2-update.win32_2.0.0.202105311346/tools/bin/../lib/gcc/arm-none-eabi/9.3.1/../../../../arm-none-eabi/lib/thumb/v7-m/nofp\libc_nano.a(lib_a-init.o)
                0x0000000008002ef4                __libc_init_array
 .text.memset   0x0000000008002f3c       0x10 c:/st/stm32cubeide_1.7.0/stm32cubeide/plugins/com.st.stm32cube.ide.mcu.externaltools.gnu-tools-for-stm32.9-2020-q2-update.win32_2.0.0.202105311346/tools/bin/../lib/gcc/arm-none-eabi/9.3.1/../../../../arm-none-eabi/lib/thumb/v7-m/nofp\libc_nano.a(lib_a-memset.o)
                0x0000000008002f3c                memset
 *(.glue_7)
 .glue_7        0x0000000008002f4c        0x0 linker stubs
 *(.glue_7t)
 .glue_7t       0x0000000008002f4c        0x0 linker stubs
 *(.eh_frame)
 .eh_frame      0x0000000008002f4c        0x0 c:/st/stm32cubeide_1.7.0/stm32cubeide/plugins/com.st.stm32cube.ide.mcu.externaltools.gnu-tools-for-stm32.9-2020-q2-update.win32_2.0.0.202105311346/tools/bin/../lib/gcc/arm-none-eabi/9.3.1/thumb/v7-m/nofp/crtbegin.o
 *(.init)
 .init          0x0000000008002f4c        0x4 c:/st/stm32cubeide_1.7.0/stm32cubeide/plugins/com.st.stm32cube.ide.mcu.externaltools.gnu-tools-for-stm32.9-2020-q2-update.win32_2.0.0.202105311346/tools/bin/../lib/gcc/arm-none-eabi/9.3.1/thumb/v7-m/nofp/crti.o
                0x0000000008002f4c                _init
 .init          0x0000000008002f50        0x8 c:/st/stm32cubeide_1.7.0/stm32cubeide/plugins/com.st.stm32cube.ide.mcu.externaltools.gnu-tools-for-stm32.9-2020-q2-update.win32_2.0.0.202105311346/tools/bin/../lib/gcc/arm-none-eabi/9.3.1/thumb/v7-m/nofp/crtn.o
 *(.fini)
 .fini          0x0000000008002f58        0x4 c:/st/stm32cubeide_1.7.0/stm32cubeide/plugins/com.st.stm32cube.ide.mcu.externaltools.gnu-tools-for-stm32.9-2020-q2-update.win32_2.0.0.202105311346/tools/bin/../lib/gcc/arm-none-eabi/9.3.1/thumb/v7-m/nofp/crti.o
                0x0000000008002f58                _fini
 .fini          0x0000000008002f5c        0x8 c:/st/stm32cubeide_1.7.0/stm32cubeide/plugins/com.st.stm32cube.ide.mcu.externaltools.gnu-tools-for-stm32.9-2020-q2-update.win32_2.0.0.202105311346/tools/bin/../lib/gcc/arm-none-eabi/9.3.1/thumb/v7-m/nofp/crtn.o
                0x0000000008002f64                . = ALIGN (0x4)
                0x0000000008002f64                _etext = .

.vfp11_veneer   0x0000000008002f64        0x0
 .vfp11_veneer  0x0000000008002f64        0x0 linker stubs

.v4_bx          0x0000000008002f64        0x0
 .v4_bx         0x0000000008002f64        0x0 linker stubs

.iplt           0x0000000008002f64        0x0
 .iplt          0x0000000008002f64        0x0 c:/st/stm32cubeide_1.7.0/stm32cubeide/plugins/com.st.stm32cube.ide.mcu.externaltools.gnu-tools-for-stm32.9-2020-q2-update.win32_2.0.0.202105311346/tools/bin/../lib/gcc/arm-none-eabi/9.3.1/thumb/v7-m/nofp/crtbegin.o

.rodata         0x0000000008002f64       0x24
                0x0000000008002f64                . = ALIGN (0x4)
 *(.rodata)
 *(.rodata*)
 .rodata.AHBPrescTable
                0x0000000008002f64       0x10 ./Core/Src/system_stm32f1xx.o
                0x0000000008002f64                AHBPrescTable
 .rodata.aPLLMULFactorTable.6032
                0x0000000008002f74       0x10 ./Drivers/STM32F1xx_HAL_Driver/Src/stm32f1xx_hal_rcc.o
 .rodata.aPredivFactorTable.6033
                0x0000000008002f84        0x2 ./Drivers/STM32F1xx_HAL_Driver/Src/stm32f1xx_hal_rcc.o
                0x0000000008002f88                . = ALIGN (0x4)
 *fill*         0x0000000008002f86        0x2 

.rel.dyn        0x0000000008002f88        0x0
 .rel.iplt      0x0000000008002f88        0x0 c:/st/stm32cubeide_1.7.0/stm32cubeide/plugins/com.st.stm32cube.ide.mcu.externaltools.gnu-tools-for-stm32.9-2020-q2-update.win32_2.0.0.202105311346/tools/bin/../lib/gcc/arm-none-eabi/9.3.1/thumb/v7-m/nofp/crtbegin.o

.ARM.extab      0x0000000008002f88        0x0
                0x0000000008002f88                . = ALIGN (0x4)
 *(.ARM.extab* .gnu.linkonce.armextab.*)
                0x0000000008002f88                . = ALIGN (0x4)

.ARM            0x0000000008002f88        0x0
                0x0000000008002f88                . = ALIGN (0x4)
                0x0000000008002f88                __exidx_start = .
 *(.ARM.exidx*)
                0x0000000008002f88                __exidx_end = .
                0x0000000008002f88                . = ALIGN (0x4)

.preinit_array  0x0000000008002f88        0x0
                0x0000000008002f88                . = ALIGN (0x4)
                0x0000000008002f88                PROVIDE (__preinit_array_start = .)
 *(.preinit_array*)
                0x0000000008002f88                PROVIDE (__preinit_array_end = .)
                0x0000000008002f88                . = ALIGN (0x4)

.init_array     0x0000000008002f88        0x4
                0x0000000008002f88                . = ALIGN (0x4)
                0x0000000008002f88                PROVIDE (__init_array_start = .)
 *(SORT_BY_NAME(.init_array.*))
 *(.init_array*)
 .init_array    0x0000000008002f88        0x4 c:/st/stm32cubeide_1.7.0/stm32cubeide/plugins/com.st.stm32cube.ide.mcu.externaltools.gnu-tools-for-stm32.9-2020-q2-update.win32_2.0.0.202105311346/tools/bin/../lib/gcc/arm-none-eabi/9.3.1/thumb/v7-m/nofp/crtbegin.o
                0x0000000008002f8c                PROVIDE (__init_array_end = .)
                0x0000000008002f8c                . = ALIGN (0x4)

.fini_array     0x0000000008002f8c        0x4
                0x0000000008002f8c                . = ALIGN (0x4)
                [!provide]                        PROVIDE (__fini_array_start = .)
 *(SORT_BY_NAME(.fini_array.*))
 *(.fini_array*)
 .fini_array    0x0000000008002f8c        0x4 c:/st/stm32cubeide_1.7.0/stm32cubeide/plugins/com.st.stm32cube.ide.mcu.externaltools.gnu-tools-for-stm32.9-2020-q2-update.win32_2.0.0.202105311346/tools/bin/../lib/gcc/arm-none-eabi/9.3.1/thumb/v7-m/nofp/crtbegin.o
                [!provide]                        PROVIDE (__fini_array_end = .)
                0x0000000008002f90                . = ALIGN (0x4)
                0x0000000008002f90                _sidata = LOADADDR (.data)

.data           0x0000000020000000       0x5c load address 0x0000000008002f90
                0x0000000020000000                . = ALIGN (0x4)
                0x0000000020000000                _sdata = .
 *(.data)
 *(.data*)
 .data.mode     0x0000000020000000        0x6 ./Core/Src/button.o
                0x0000000020000000                mode
 *fill*         0x0000000020000006        0x2 
 .data.KeyReg0  0x0000000020000008        0xc ./Core/Src/button.o
                0x0000000020000008                KeyReg0
 .data.KeyReg1  0x0000000020000014        0xc ./Core/Src/button.o
                0x0000000020000014                KeyReg1
 .data.KeyReg2  0x0000000020000020        0xc ./Core/Src/button.o
                0x0000000020000020                KeyReg2
 .data.KeyReg3  0x000000002000002c        0xc ./Core/Src/button.o
                0x000000002000002c                KeyReg3
 .data.TimeOutForKeyPress
                0x0000000020000038        0xc ./Core/Src/button.o
                0x0000000020000038                TimeOutForKeyPress
 .data.r_val    0x0000000020000044        0x4 ./Core/Src/global.o
                0x0000000020000044                r_val
 .data.y_val    0x0000000020000048        0x4 ./Core/Src/global.o
                0x0000000020000048                y_val
 .data.g_val    0x000000002000004c        0x4 ./Core/Src/global.o
                0x000000002000004c                g_val
 .data.SystemCoreClock
                0x0000000020000050        0x4 ./Core/Src/system_stm32f1xx.o
                0x0000000020000050                SystemCoreClock
 .data.uwTickPrio
                0x0000000020000054        0x4 ./Drivers/STM32F1xx_HAL_Driver/Src/stm32f1xx_hal.o
                0x0000000020000054                uwTickPrio
 .data.uwTickFreq
                0x0000000020000058        0x1 ./Drivers/STM32F1xx_HAL_Driver/Src/stm32f1xx_hal.o
                0x0000000020000058                uwTickFreq
 *(.RamFunc)
 *(.RamFunc*)
                0x000000002000005c                . = ALIGN (0x4)
 *fill*         0x0000000020000059        0x3 
                0x000000002000005c                _edata = .

.igot.plt       0x000000002000005c        0x0 load address 0x0000000008002fec
 .igot.plt      0x000000002000005c        0x0 c:/st/stm32cubeide_1.7.0/stm32cubeide/plugins/com.st.stm32cube.ide.mcu.externaltools.gnu-tools-for-stm32.9-2020-q2-update.win32_2.0.0.202105311346/tools/bin/../lib/gcc/arm-none-eabi/9.3.1/thumb/v7-m/nofp/crtbegin.o
                0x000000002000005c                . = ALIGN (0x4)

.bss            0x000000002000005c      0x1a0 load address 0x0000000008002fec
                0x000000002000005c                _sbss = .
                0x000000002000005c                __bss_start__ = _sbss
 *(.bss)
 .bss           0x000000002000005c       0x1c c:/st/stm32cubeide_1.7.0/stm32cubeide/plugins/com.st.stm32cube.ide.mcu.externaltools.gnu-tools-for-stm32.9-2020-q2-update.win32_2.0.0.202105311346/tools/bin/../lib/gcc/arm-none-eabi/9.3.1/thumb/v7-m/nofp/crtbegin.o
 *(.bss*)
 .bss.button_flag
                0x0000000020000078        0xc ./Core/Src/button.o
                0x0000000020000078                button_flag
 .bss.led_status
                0x0000000020000084        0x4 ./Core/Src/global.o
                0x0000000020000084                led_status
 .bss.led_buffer
                0x0000000020000088       0x10 ./Core/Src/global.o
                0x0000000020000088                led_buffer
 .bss.index_led
                0x0000000020000098        0x4 ./Core/Src/global.o
                0x0000000020000098                index_led
 .bss.timerRoad1
                0x000000002000009c        0x4 ./Core/Src/global.o
                0x000000002000009c                timerRoad1
 .bss.timerRoad2
                0x00000000200000a0        0x4 ./Core/Src/global.o
                0x00000000200000a0                timerRoad2
 .bss.toogleFlag
                0x00000000200000a4        0x4 ./Core/Src/global.o
                0x00000000200000a4                toogleFlag
 .bss.SCH_tasks_G
                0x00000000200000a8       0xc8 ./Core/Src/scheduler.o
 .bss.newTaskID
                0x0000000020000170        0x4 ./Core/Src/scheduler.o
 .bss.count_SCH_Update
                0x0000000020000174        0x4 ./Core/Src/scheduler.o
 .bss.timer1_counter
                0x0000000020000178        0x4 ./Core/Src/software_timer.o
                0x0000000020000178                timer1_counter
 .bss.timer1_flag
                0x000000002000017c        0x4 ./Core/Src/software_timer.o
                0x000000002000017c                timer1_flag
 .bss.timer2_counter
                0x0000000020000180        0x4 ./Core/Src/software_timer.o
                0x0000000020000180                timer2_counter
 .bss.timer2_flag
                0x0000000020000184        0x4 ./Core/Src/software_timer.o
                0x0000000020000184                timer2_flag
 .bss.timer3_counter
                0x0000000020000188        0x4 ./Core/Src/software_timer.o
                0x0000000020000188                timer3_counter
 .bss.timer3_flag
                0x000000002000018c        0x4 ./Core/Src/software_timer.o
                0x000000002000018c                timer3_flag
 .bss.timer4_counter
                0x0000000020000190        0x4 ./Core/Src/software_timer.o
                0x0000000020000190                timer4_counter
 .bss.timer4_flag
                0x0000000020000194        0x4 ./Core/Src/software_timer.o
                0x0000000020000194                timer4_flag
 .bss.timer5_counter
                0x0000000020000198        0x4 ./Core/Src/software_timer.o
                0x0000000020000198                timer5_counter
 .bss.timer5_flag
                0x000000002000019c        0x4 ./Core/Src/software_timer.o
                0x000000002000019c                timer5_flag
 .bss.timer6_counter
                0x00000000200001a0        0x4 ./Core/Src/software_timer.o
                0x00000000200001a0                timer6_counter
 .bss.timer6_flag
                0x00000000200001a4        0x4 ./Core/Src/software_timer.o
                0x00000000200001a4                timer6_flag
 .bss.timer7_counter
                0x00000000200001a8        0x4 ./Core/Src/software_timer.o
                0x00000000200001a8                timer7_counter
 .bss.timer7_flag
                0x00000000200001ac        0x4 ./Core/Src/software_timer.o
                0x00000000200001ac                timer7_flag
 *(COMMON)
 COMMON         0x00000000200001b0       0x48 ./Core/Src/main.o
                0x00000000200001b0                htim2
 COMMON         0x00000000200001f8        0x4 ./Drivers/STM32F1xx_HAL_Driver/Src/stm32f1xx_hal.o
                0x00000000200001f8                uwTick
                0x00000000200001fc                . = ALIGN (0x4)
                0x00000000200001fc                _ebss = .
                0x00000000200001fc                __bss_end__ = _ebss

._user_heap_stack
                0x00000000200001fc      0x604 load address 0x0000000008002fec
                0x0000000020000200                . = ALIGN (0x8)
 *fill*         0x00000000200001fc        0x4 
                [!provide]                        PROVIDE (end = .)
                0x0000000020000200                PROVIDE (_end = .)
                0x0000000020000400                . = (. + _Min_Heap_Size)
 *fill*         0x0000000020000200      0x200 
                0x0000000020000800                . = (. + _Min_Stack_Size)
 *fill*         0x0000000020000400      0x400 
                0x0000000020000800                . = ALIGN (0x8)

/DISCARD/
 libc.a(*)
 libm.a(*)
 libgcc.a(*)

.ARM.attributes
                0x0000000000000000       0x29
 *(.ARM.attributes)
 .ARM.attributes
                0x0000000000000000       0x1d c:/st/stm32cubeide_1.7.0/stm32cubeide/plugins/com.st.stm32cube.ide.mcu.externaltools.gnu-tools-for-stm32.9-2020-q2-update.win32_2.0.0.202105311346/tools/bin/../lib/gcc/arm-none-eabi/9.3.1/thumb/v7-m/nofp/crti.o
 .ARM.attributes
                0x000000000000001d       0x2d c:/st/stm32cubeide_1.7.0/stm32cubeide/plugins/com.st.stm32cube.ide.mcu.externaltools.gnu-tools-for-stm32.9-2020-q2-update.win32_2.0.0.202105311346/tools/bin/../lib/gcc/arm-none-eabi/9.3.1/thumb/v7-m/nofp/crtbegin.o
 .ARM.attributes
                0x000000000000004a       0x2d ./Core/Src/button.o
 .ARM.attributes
                0x0000000000000077       0x2d ./Core/Src/display7SEG.o
 .ARM.attributes
                0x00000000000000a4       0x2d ./Core/Src/fsm_manual.o
 .ARM.attributes
                0x00000000000000d1       0x2d ./Core/Src/fsm_traffic_light.o
 .ARM.attributes
                0x00000000000000fe       0x2d ./Core/Src/global.o
 .ARM.attributes
                0x000000000000012b       0x2d ./Core/Src/main.o
 .ARM.attributes
                0x0000000000000158       0x2d ./Core/Src/physical.o
 .ARM.attributes
                0x0000000000000185       0x2d ./Core/Src/scheduler.o
 .ARM.attributes
                0x00000000000001b2       0x2d ./Core/Src/software_timer.o
 .ARM.attributes
                0x00000000000001df       0x2d ./Core/Src/stm32f1xx_hal_msp.o
 .ARM.attributes
                0x000000000000020c       0x2d ./Core/Src/stm32f1xx_it.o
 .ARM.attributes
                0x0000000000000239       0x2d ./Core/Src/system_stm32f1xx.o
 .ARM.attributes
                0x0000000000000266       0x21 ./Core/Startup/startup_stm32f103c6ux.o
 .ARM.attributes
                0x0000000000000287       0x2d ./Drivers/STM32F1xx_HAL_Driver/Src/stm32f1xx_hal.o
 .ARM.attributes
                0x00000000000002b4       0x2d ./Drivers/STM32F1xx_HAL_Driver/Src/stm32f1xx_hal_cortex.o
 .ARM.attributes
                0x00000000000002e1       0x2d ./Drivers/STM32F1xx_HAL_Driver/Src/stm32f1xx_hal_gpio.o
 .ARM.attributes
                0x000000000000030e       0x2d ./Drivers/STM32F1xx_HAL_Driver/Src/stm32f1xx_hal_rcc.o
 .ARM.attributes
                0x000000000000033b       0x2d ./Drivers/STM32F1xx_HAL_Driver/Src/stm32f1xx_hal_tim.o
 .ARM.attributes
                0x0000000000000368       0x2d ./Drivers/STM32F1xx_HAL_Driver/Src/stm32f1xx_hal_tim_ex.o
 .ARM.attributes
                0x0000000000000395       0x2d c:/st/stm32cubeide_1.7.0/stm32cubeide/plugins/com.st.stm32cube.ide.mcu.externaltools.gnu-tools-for-stm32.9-2020-q2-update.win32_2.0.0.202105311346/tools/bin/../lib/gcc/arm-none-eabi/9.3.1/../../../../arm-none-eabi/lib/thumb/v7-m/nofp\libc_nano.a(lib_a-init.o)
 .ARM.attributes
                0x00000000000003c2       0x2d c:/st/stm32cubeide_1.7.0/stm32cubeide/plugins/com.st.stm32cube.ide.mcu.externaltools.gnu-tools-for-stm32.9-2020-q2-update.win32_2.0.0.202105311346/tools/bin/../lib/gcc/arm-none-eabi/9.3.1/../../../../arm-none-eabi/lib/thumb/v7-m/nofp\libc_nano.a(lib_a-memset.o)
 .ARM.attributes
                0x00000000000003ef       0x1d c:/st/stm32cubeide_1.7.0/stm32cubeide/plugins/com.st.stm32cube.ide.mcu.externaltools.gnu-tools-for-stm32.9-2020-q2-update.win32_2.0.0.202105311346/tools/bin/../lib/gcc/arm-none-eabi/9.3.1/thumb/v7-m/nofp/crtn.o
OUTPUT(LAB3_exercise.elf elf32-littlearm)
LOAD linker stubs
LOAD c:/st/stm32cubeide_1.7.0/stm32cubeide/plugins/com.st.stm32cube.ide.mcu.externaltools.gnu-tools-for-stm32.9-2020-q2-update.win32_2.0.0.202105311346/tools/bin/../lib/gcc/arm-none-eabi/9.3.1/../../../../arm-none-eabi/lib/thumb/v7-m/nofp\libc.a
LOAD c:/st/stm32cubeide_1.7.0/stm32cubeide/plugins/com.st.stm32cube.ide.mcu.externaltools.gnu-tools-for-stm32.9-2020-q2-update.win32_2.0.0.202105311346/tools/bin/../lib/gcc/arm-none-eabi/9.3.1/../../../../arm-none-eabi/lib/thumb/v7-m/nofp\libm.a
LOAD c:/st/stm32cubeide_1.7.0/stm32cubeide/plugins/com.st.stm32cube.ide.mcu.externaltools.gnu-tools-for-stm32.9-2020-q2-update.win32_2.0.0.202105311346/tools/bin/../lib/gcc/arm-none-eabi/9.3.1/thumb/v7-m/nofp\libgcc.a

.debug_info     0x0000000000000000     0x9ce6
 .debug_info    0x0000000000000000      0x44a ./Core/Src/button.o
 .debug_info    0x000000000000044a      0x363 ./Core/Src/display7SEG.o
 .debug_info    0x00000000000007ad      0x27e ./Core/Src/fsm_manual.o
 .debug_info    0x0000000000000a2b      0x27e ./Core/Src/fsm_traffic_light.o
 .debug_info    0x0000000000000ca9      0x2fc ./Core/Src/global.o
 .debug_info    0x0000000000000fa5      0xc82 ./Core/Src/main.o
 .debug_info    0x0000000000001c27      0x2bd ./Core/Src/physical.o
 .debug_info    0x0000000000001ee4      0x2b4 ./Core/Src/scheduler.o
 .debug_info    0x0000000000002198      0x27d ./Core/Src/software_timer.o
 .debug_info    0x0000000000002415      0xa09 ./Core/Src/stm32f1xx_hal_msp.o
 .debug_info    0x0000000000002e1e      0x7b9 ./Core/Src/stm32f1xx_it.o
 .debug_info    0x00000000000035d7      0x2be ./Core/Src/system_stm32f1xx.o
 .debug_info    0x0000000000003895       0x22 ./Core/Startup/startup_stm32f103c6ux.o
 .debug_info    0x00000000000038b7      0x74c ./Drivers/STM32F1xx_HAL_Driver/Src/stm32f1xx_hal.o
 .debug_info    0x0000000000004003      0xbbe ./Drivers/STM32F1xx_HAL_Driver/Src/stm32f1xx_hal_cortex.o
 .debug_info    0x0000000000004bc1      0x701 ./Drivers/STM32F1xx_HAL_Driver/Src/stm32f1xx_hal_gpio.o
 .debug_info    0x00000000000052c2      0x893 ./Drivers/STM32F1xx_HAL_Driver/Src/stm32f1xx_hal_rcc.o
 .debug_info    0x0000000000005b55     0x2c12 ./Drivers/STM32F1xx_HAL_Driver/Src/stm32f1xx_hal_tim.o
 .debug_info    0x0000000000008767     0x157f ./Drivers/STM32F1xx_HAL_Driver/Src/stm32f1xx_hal_tim_ex.o

.debug_abbrev   0x0000000000000000     0x1cf6
 .debug_abbrev  0x0000000000000000      0x184 ./Core/Src/button.o
 .debug_abbrev  0x0000000000000184      0x12c ./Core/Src/display7SEG.o
 .debug_abbrev  0x00000000000002b0       0xb6 ./Core/Src/fsm_manual.o
 .debug_abbrev  0x0000000000000366       0xb6 ./Core/Src/fsm_traffic_light.o
 .debug_abbrev  0x000000000000041c       0xc5 ./Core/Src/global.o
 .debug_abbrev  0x00000000000004e1      0x248 ./Core/Src/main.o
 .debug_abbrev  0x0000000000000729       0xff ./Core/Src/physical.o
 .debug_abbrev  0x0000000000000828      0x16c ./Core/Src/scheduler.o
 .debug_abbrev  0x0000000000000994       0xb6 ./Core/Src/software_timer.o
 .debug_abbrev  0x0000000000000a4a      0x1b7 ./Core/Src/stm32f1xx_hal_msp.o
 .debug_abbrev  0x0000000000000c01      0x176 ./Core/Src/stm32f1xx_it.o
 .debug_abbrev  0x0000000000000d77      0x14e ./Core/Src/system_stm32f1xx.o
 .debug_abbrev  0x0000000000000ec5       0x12 ./Core/Startup/startup_stm32f103c6ux.o
 .debug_abbrev  0x0000000000000ed7      0x1ed ./Drivers/STM32F1xx_HAL_Driver/Src/stm32f1xx_hal.o
 .debug_abbrev  0x00000000000010c4      0x313 ./Drivers/STM32F1xx_HAL_Driver/Src/stm32f1xx_hal_cortex.o
 .debug_abbrev  0x00000000000013d7      0x1e8 ./Drivers/STM32F1xx_HAL_Driver/Src/stm32f1xx_hal_gpio.o
 .debug_abbrev  0x00000000000015bf      0x273 ./Drivers/STM32F1xx_HAL_Driver/Src/stm32f1xx_hal_rcc.o
 .debug_abbrev  0x0000000000001832      0x25e ./Drivers/STM32F1xx_HAL_Driver/Src/stm32f1xx_hal_tim.o
 .debug_abbrev  0x0000000000001a90      0x266 ./Drivers/STM32F1xx_HAL_Driver/Src/stm32f1xx_hal_tim_ex.o

.debug_aranges  0x0000000000000000      0xaf0
 .debug_aranges
                0x0000000000000000       0x38 ./Core/Src/button.o
 .debug_aranges
                0x0000000000000038       0x30 ./Core/Src/display7SEG.o
 .debug_aranges
                0x0000000000000068       0x20 ./Core/Src/fsm_manual.o
 .debug_aranges
                0x0000000000000088       0x20 ./Core/Src/fsm_traffic_light.o
 .debug_aranges
                0x00000000000000a8       0x20 ./Core/Src/global.o
 .debug_aranges
                0x00000000000000c8       0x48 ./Core/Src/main.o
 .debug_aranges
                0x0000000000000110       0x58 ./Core/Src/physical.o
 .debug_aranges
                0x0000000000000168       0x48 ./Core/Src/scheduler.o
 .debug_aranges
                0x00000000000001b0       0x58 ./Core/Src/software_timer.o
 .debug_aranges
                0x0000000000000208       0x30 ./Core/Src/stm32f1xx_hal_msp.o
 .debug_aranges
                0x0000000000000238       0x68 ./Core/Src/stm32f1xx_it.o
 .debug_aranges
                0x00000000000002a0       0x28 ./Core/Src/system_stm32f1xx.o
 .debug_aranges
                0x00000000000002c8       0x28 ./Core/Startup/startup_stm32f103c6ux.o
 .debug_aranges
                0x00000000000002f0       0xe0 ./Drivers/STM32F1xx_HAL_Driver/Src/stm32f1xx_hal.o
 .debug_aranges
                0x00000000000003d0      0x100 ./Drivers/STM32F1xx_HAL_Driver/Src/stm32f1xx_hal_cortex.o
 .debug_aranges
                0x00000000000004d0       0x58 ./Drivers/STM32F1xx_HAL_Driver/Src/stm32f1xx_hal_gpio.o
 .debug_aranges
                0x0000000000000528       0x90 ./Drivers/STM32F1xx_HAL_Driver/Src/stm32f1xx_hal_rcc.o
 .debug_aranges
                0x00000000000005b8      0x3d0 ./Drivers/STM32F1xx_HAL_Driver/Src/stm32f1xx_hal_tim.o
 .debug_aranges
                0x0000000000000988      0x168 ./Drivers/STM32F1xx_HAL_Driver/Src/stm32f1xx_hal_tim_ex.o

.debug_ranges   0x0000000000000000      0x9c8
 .debug_ranges  0x0000000000000000       0x28 ./Core/Src/button.o
 .debug_ranges  0x0000000000000028       0x20 ./Core/Src/display7SEG.o
 .debug_ranges  0x0000000000000048       0x10 ./Core/Src/fsm_manual.o
 .debug_ranges  0x0000000000000058       0x10 ./Core/Src/fsm_traffic_light.o
 .debug_ranges  0x0000000000000068       0x10 ./Core/Src/global.o
 .debug_ranges  0x0000000000000078       0x38 ./Core/Src/main.o
 .debug_ranges  0x00000000000000b0       0x48 ./Core/Src/physical.o
 .debug_ranges  0x00000000000000f8       0x38 ./Core/Src/scheduler.o
 .debug_ranges  0x0000000000000130       0x48 ./Core/Src/software_timer.o
 .debug_ranges  0x0000000000000178       0x20 ./Core/Src/stm32f1xx_hal_msp.o
 .debug_ranges  0x0000000000000198       0x58 ./Core/Src/stm32f1xx_it.o
 .debug_ranges  0x00000000000001f0       0x18 ./Core/Src/system_stm32f1xx.o
 .debug_ranges  0x0000000000000208       0x20 ./Core/Startup/startup_stm32f103c6ux.o
 .debug_ranges  0x0000000000000228       0xd0 ./Drivers/STM32F1xx_HAL_Driver/Src/stm32f1xx_hal.o
 .debug_ranges  0x00000000000002f8       0xf0 ./Drivers/STM32F1xx_HAL_Driver/Src/stm32f1xx_hal_cortex.o
 .debug_ranges  0x00000000000003e8       0x48 ./Drivers/STM32F1xx_HAL_Driver/Src/stm32f1xx_hal_gpio.o
 .debug_ranges  0x0000000000000430       0x80 ./Drivers/STM32F1xx_HAL_Driver/Src/stm32f1xx_hal_rcc.o
 .debug_ranges  0x00000000000004b0      0x3c0 ./Drivers/STM32F1xx_HAL_Driver/Src/stm32f1xx_hal_tim.o
 .debug_ranges  0x0000000000000870      0x158 ./Drivers/STM32F1xx_HAL_Driver/Src/stm32f1xx_hal_tim_ex.o

.debug_macro    0x0000000000000000    0x16fbe
 .debug_macro   0x0000000000000000      0x1f3 ./Core/Src/button.o
 .debug_macro   0x00000000000001f3      0xa9c ./Core/Src/button.o
 .debug_macro   0x0000000000000c8f      0x215 ./Core/Src/button.o
 .debug_macro   0x0000000000000ea4       0x2e ./Core/Src/button.o
 .debug_macro   0x0000000000000ed2       0x22 ./Core/Src/button.o
 .debug_macro   0x0000000000000ef4       0x22 ./Core/Src/button.o
 .debug_macro   0x0000000000000f16       0x8e ./Core/Src/button.o
 .debug_macro   0x0000000000000fa4       0x51 ./Core/Src/button.o
 .debug_macro   0x0000000000000ff5      0x103 ./Core/Src/button.o
 .debug_macro   0x00000000000010f8       0x6a ./Core/Src/button.o
 .debug_macro   0x0000000000001162      0x1df ./Core/Src/button.o
 .debug_macro   0x0000000000001341       0x1c ./Core/Src/button.o
 .debug_macro   0x000000000000135d       0x22 ./Core/Src/button.o
 .debug_macro   0x000000000000137f       0xc3 ./Core/Src/button.o
 .debug_macro   0x0000000000001442      0xd23 ./Core/Src/button.o
 .debug_macro   0x0000000000002165     0xde75 ./Core/Src/button.o
 .debug_macro   0x000000000000ffda       0x6d ./Core/Src/button.o
 .debug_macro   0x0000000000010047     0x348d ./Core/Src/button.o
 .debug_macro   0x00000000000134d4      0x174 ./Core/Src/button.o
 .debug_macro   0x0000000000013648       0x5c ./Core/Src/button.o
 .debug_macro   0x00000000000136a4      0x5bc ./Core/Src/button.o
 .debug_macro   0x0000000000013c60      0x1b7 ./Core/Src/button.o
 .debug_macro   0x0000000000013e17      0x1cb ./Core/Src/button.o
 .debug_macro   0x0000000000013fe2      0x114 ./Core/Src/button.o
 .debug_macro   0x00000000000140f6      0x1b2 ./Core/Src/button.o
 .debug_macro   0x00000000000142a8       0x27 ./Core/Src/button.o
 .debug_macro   0x00000000000142cf      0x12f ./Core/Src/button.o
 .debug_macro   0x00000000000143fe      0x1bc ./Core/Src/button.o
 .debug_macro   0x00000000000145ba       0x34 ./Core/Src/button.o
 .debug_macro   0x00000000000145ee       0x3c ./Core/Src/button.o
 .debug_macro   0x000000000001462a       0x57 ./Core/Src/button.o
 .debug_macro   0x0000000000014681       0x87 ./Core/Src/button.o
 .debug_macro   0x0000000000014708      0x183 ./Core/Src/button.o
 .debug_macro   0x000000000001488b      0x140 ./Core/Src/button.o
 .debug_macro   0x00000000000149cb      0x8ed ./Core/Src/button.o
 .debug_macro   0x00000000000152b8       0x69 ./Core/Src/button.o
 .debug_macro   0x0000000000015321       0xf4 ./Core/Src/button.o
 .debug_macro   0x0000000000015415       0x16 ./Core/Src/button.o
 .debug_macro   0x000000000001542b       0x34 ./Core/Src/button.o
 .debug_macro   0x000000000001545f       0x16 ./Core/Src/button.o
 .debug_macro   0x0000000000015475      0x1f3 ./Core/Src/display7SEG.o
 .debug_macro   0x0000000000015668      0x1f3 ./Core/Src/fsm_manual.o
 .debug_macro   0x000000000001585b       0x1c ./Core/Src/fsm_manual.o
 .debug_macro   0x0000000000015877      0x1f3 ./Core/Src/fsm_traffic_light.o
 .debug_macro   0x0000000000015a6a      0x1e9 ./Core/Src/global.o
 .debug_macro   0x0000000000015c53      0x205 ./Core/Src/main.o
 .debug_macro   0x0000000000015e58      0x1b0 ./Core/Src/physical.o
 .debug_macro   0x0000000000016008       0x72 ./Core/Src/scheduler.o
 .debug_macro   0x000000000001607a       0x10 ./Core/Src/scheduler.o
 .debug_macro   0x000000000001608a       0x1b ./Core/Src/software_timer.o
 .debug_macro   0x00000000000160a5      0x1a6 ./Core/Src/stm32f1xx_hal_msp.o
 .debug_macro   0x000000000001624b      0x1b0 ./Core/Src/stm32f1xx_it.o
 .debug_macro   0x00000000000163fb      0x197 ./Core/Src/system_stm32f1xx.o
 .debug_macro   0x0000000000016592      0x1bb ./Drivers/STM32F1xx_HAL_Driver/Src/stm32f1xx_hal.o
 .debug_macro   0x000000000001674d      0x197 ./Drivers/STM32F1xx_HAL_Driver/Src/stm32f1xx_hal_cortex.o
 .debug_macro   0x00000000000168e4      0x202 ./Drivers/STM32F1xx_HAL_Driver/Src/stm32f1xx_hal_gpio.o
 .debug_macro   0x0000000000016ae6      0x1a9 ./Drivers/STM32F1xx_HAL_Driver/Src/stm32f1xx_hal_rcc.o
 .debug_macro   0x0000000000016c8f      0x198 ./Drivers/STM32F1xx_HAL_Driver/Src/stm32f1xx_hal_tim.o
 .debug_macro   0x0000000000016e27      0x197 ./Drivers/STM32F1xx_HAL_Driver/Src/stm32f1xx_hal_tim_ex.o

.debug_line     0x0000000000000000     0xc905
 .debug_line    0x0000000000000000      0x788 ./Core/Src/button.o
 .debug_line    0x0000000000000788      0x7bf ./Core/Src/display7SEG.o
 .debug_line    0x0000000000000f47      0x7d6 ./Core/Src/fsm_manual.o
 .debug_line    0x000000000000171d      0x807 ./Core/Src/fsm_traffic_light.o
 .debug_line    0x0000000000001f24      0x6c7 ./Core/Src/global.o
 .debug_line    0x00000000000025eb      0x80a ./Core/Src/main.o
 .debug_line    0x0000000000002df5      0x71a ./Core/Src/physical.o
 .debug_line    0x000000000000350f      0x6d3 ./Core/Src/scheduler.o
 .debug_line    0x0000000000003be2      0x1a7 ./Core/Src/software_timer.o
 .debug_line    0x0000000000003d89      0x6a1 ./Core/Src/stm32f1xx_hal_msp.o
 .debug_line    0x000000000000442a      0x73f ./Core/Src/stm32f1xx_it.o
 .debug_line    0x0000000000004b69      0x6e3 ./Core/Src/system_stm32f1xx.o
 .debug_line    0x000000000000524c       0x86 ./Core/Startup/startup_stm32f103c6ux.o
 .debug_line    0x00000000000052d2      0x910 ./Drivers/STM32F1xx_HAL_Driver/Src/stm32f1xx_hal.o
 .debug_line    0x0000000000005be2      0xaf8 ./Drivers/STM32F1xx_HAL_Driver/Src/stm32f1xx_hal_cortex.o
 .debug_line    0x00000000000066da      0x993 ./Drivers/STM32F1xx_HAL_Driver/Src/stm32f1xx_hal_gpio.o
 .debug_line    0x000000000000706d      0xd1c ./Drivers/STM32F1xx_HAL_Driver/Src/stm32f1xx_hal_rcc.o
 .debug_line    0x0000000000007d89     0x3346 ./Drivers/STM32F1xx_HAL_Driver/Src/stm32f1xx_hal_tim.o
 .debug_line    0x000000000000b0cf     0x1836 ./Drivers/STM32F1xx_HAL_Driver/Src/stm32f1xx_hal_tim_ex.o

.debug_str      0x0000000000000000    0x82516
 .debug_str     0x0000000000000000    0x7f8c4 ./Core/Src/button.o
                                      0x7fc29 (size before relaxing)
 .debug_str     0x000000000007f8c4       0x40 ./Core/Src/display7SEG.o
                                      0x7fbe6 (size before relaxing)
 .debug_str     0x000000000007f904       0x3b ./Core/Src/fsm_manual.o
                                      0x7fbb0 (size before relaxing)
 .debug_str     0x000000000007f93f       0x4c ./Core/Src/fsm_traffic_light.o
                                      0x7fbc1 (size before relaxing)
 .debug_str     0x000000000007f98b       0x25 ./Core/Src/global.o
                                      0x7fb9a (size before relaxing)
 .debug_str     0x000000000007f9b0      0x6fb ./Core/Src/main.o
                                      0x80378 (size before relaxing)
 .debug_str     0x00000000000800ab       0x5d ./Core/Src/physical.o
                                      0x7fa46 (size before relaxing)
 .debug_str     0x0000000000080108       0xee ./Core/Src/scheduler.o
                                       0x3de1 (size before relaxing)
 .debug_str     0x00000000000801f6       0xde ./Core/Src/software_timer.o
                                       0x2ea8 (size before relaxing)
 .debug_str     0x00000000000802d4      0x2ba ./Core/Src/stm32f1xx_hal_msp.o
                                      0x801cc (size before relaxing)
 .debug_str     0x000000000008058e       0xcd ./Core/Src/stm32f1xx_it.o
                                      0x7ff2e (size before relaxing)
 .debug_str     0x000000000008065b       0x52 ./Core/Src/system_stm32f1xx.o
                                      0x7f6e3 (size before relaxing)
 .debug_str     0x00000000000806ad       0x36 ./Core/Startup/startup_stm32f103c6ux.o
                                         0x72 (size before relaxing)
 .debug_str     0x00000000000806e3      0x304 ./Drivers/STM32F1xx_HAL_Driver/Src/stm32f1xx_hal.o
                                      0x7fd3a (size before relaxing)
 .debug_str     0x00000000000809e7      0x300 ./Drivers/STM32F1xx_HAL_Driver/Src/stm32f1xx_hal_cortex.o
                                      0x7fd42 (size before relaxing)
 .debug_str     0x0000000000080ce7      0x324 ./Drivers/STM32F1xx_HAL_Driver/Src/stm32f1xx_hal_gpio.o
                                      0x7faa7 (size before relaxing)
 .debug_str     0x000000000008100b      0x24f ./Drivers/STM32F1xx_HAL_Driver/Src/stm32f1xx_hal_rcc.o
                                      0x7fae0 (size before relaxing)
 .debug_str     0x000000000008125a      0xdce ./Drivers/STM32F1xx_HAL_Driver/Src/stm32f1xx_hal_tim.o
                                      0x80ab9 (size before relaxing)
 .debug_str     0x0000000000082028      0x4ee ./Drivers/STM32F1xx_HAL_Driver/Src/stm32f1xx_hal_tim_ex.o
                                      0x8026a (size before relaxing)

.comment        0x0000000000000000       0x53
 .comment       0x0000000000000000       0x53 ./Core/Src/button.o
                                         0x54 (size before relaxing)
 .comment       0x0000000000000053       0x54 ./Core/Src/display7SEG.o
 .comment       0x0000000000000053       0x54 ./Core/Src/fsm_manual.o
 .comment       0x0000000000000053       0x54 ./Core/Src/fsm_traffic_light.o
 .comment       0x0000000000000053       0x54 ./Core/Src/global.o
 .comment       0x0000000000000053       0x54 ./Core/Src/main.o
 .comment       0x0000000000000053       0x54 ./Core/Src/physical.o
 .comment       0x0000000000000053       0x54 ./Core/Src/scheduler.o
 .comment       0x0000000000000053       0x54 ./Core/Src/software_timer.o
 .comment       0x0000000000000053       0x54 ./Core/Src/stm32f1xx_hal_msp.o
 .comment       0x0000000000000053       0x54 ./Core/Src/stm32f1xx_it.o
 .comment       0x0000000000000053       0x54 ./Core/Src/system_stm32f1xx.o
 .comment       0x0000000000000053       0x54 ./Drivers/STM32F1xx_HAL_Driver/Src/stm32f1xx_hal.o
 .comment       0x0000000000000053       0x54 ./Drivers/STM32F1xx_HAL_Driver/Src/stm32f1xx_hal_cortex.o
 .comment       0x0000000000000053       0x54 ./Drivers/STM32F1xx_HAL_Driver/Src/stm32f1xx_hal_gpio.o
 .comment       0x0000000000000053       0x54 ./Drivers/STM32F1xx_HAL_Driver/Src/stm32f1xx_hal_rcc.o
 .comment       0x0000000000000053       0x54 ./Drivers/STM32F1xx_HAL_Driver/Src/stm32f1xx_hal_tim.o
 .comment       0x0000000000000053       0x54 ./Drivers/STM32F1xx_HAL_Driver/Src/stm32f1xx_hal_tim_ex.o

.debug_frame    0x0000000000000000     0x2a90
 .debug_frame   0x0000000000000000       0xa8 ./Core/Src/button.o
 .debug_frame   0x00000000000000a8       0x70 ./Core/Src/display7SEG.o
 .debug_frame   0x0000000000000118       0x2c ./Core/Src/fsm_manual.o
 .debug_frame   0x0000000000000144       0x2c ./Core/Src/fsm_traffic_light.o
 .debug_frame   0x0000000000000170       0x30 ./Core/Src/global.o
 .debug_frame   0x00000000000001a0       0xd4 ./Core/Src/main.o
 .debug_frame   0x0000000000000274       0xf0 ./Core/Src/physical.o
 .debug_frame   0x0000000000000364       0xf0 ./Core/Src/scheduler.o
 .debug_frame   0x0000000000000454      0x148 ./Core/Src/software_timer.o
 .debug_frame   0x000000000000059c       0x80 ./Core/Src/stm32f1xx_hal_msp.o
 .debug_frame   0x000000000000061c      0x120 ./Core/Src/stm32f1xx_it.o
 .debug_frame   0x000000000000073c       0x58 ./Core/Src/system_stm32f1xx.o
 .debug_frame   0x0000000000000794      0x334 ./Drivers/STM32F1xx_HAL_Driver/Src/stm32f1xx_hal.o
 .debug_frame   0x0000000000000ac8      0x428 ./Drivers/STM32F1xx_HAL_Driver/Src/stm32f1xx_hal_cortex.o
 .debug_frame   0x0000000000000ef0      0x14c ./Drivers/STM32F1xx_HAL_Driver/Src/stm32f1xx_hal_gpio.o
 .debug_frame   0x000000000000103c      0x218 ./Drivers/STM32F1xx_HAL_Driver/Src/stm32f1xx_hal_rcc.o
 .debug_frame   0x0000000000001254     0x11b8 ./Drivers/STM32F1xx_HAL_Driver/Src/stm32f1xx_hal_tim.o
 .debug_frame   0x000000000000240c      0x638 ./Drivers/STM32F1xx_HAL_Driver/Src/stm32f1xx_hal_tim_ex.o
 .debug_frame   0x0000000000002a44       0x2c c:/st/stm32cubeide_1.7.0/stm32cubeide/plugins/com.st.stm32cube.ide.mcu.externaltools.gnu-tools-for-stm32.9-2020-q2-update.win32_2.0.0.202105311346/tools/bin/../lib/gcc/arm-none-eabi/9.3.1/../../../../arm-none-eabi/lib/thumb/v7-m/nofp\libc_nano.a(lib_a-init.o)
 .debug_frame   0x0000000000002a70       0x20 c:/st/stm32cubeide_1.7.0/stm32cubeide/plugins/com.st.stm32cube.ide.mcu.externaltools.gnu-tools-for-stm32.9-2020-q2-update.win32_2.0.0.202105311346/tools/bin/../lib/gcc/arm-none-eabi/9.3.1/../../../../arm-none-eabi/lib/thumb/v7-m/nofp\libc_nano.a(lib_a-memset.o)
